# name: TestCogLookingForGameJoinButton.test_join_with_show_points
  list([
    dict({
      'components': tuple(
        dict({
          'custom_id': 'points',
          'disabled': False,
          'max_values': None,
          'min_values': None,
          'options': list([
            dict({
              'default': False,
              'description': None,
              'emoji': dict({
                'id': None,
                'name': '0️⃣',
              }),
              'label': 'No points',
              'value': '0',
            }),
            dict({
              'default': False,
              'description': None,
              'emoji': dict({
                'id': None,
                'name': '1️⃣',
              }),
              'label': 'One point',
              'value': '1',
            }),
            dict({
              'default': False,
              'description': None,
              'emoji': dict({
                'id': None,
                'name': '2️⃣',
              }),
              'label': 'Two points',
              'value': '2',
            }),
            dict({
              'default': False,
              'description': None,
              'emoji': dict({
                'id': None,
                'name': '3️⃣',
              }),
              'label': 'Three points',
              'value': '3',
            }),
            dict({
              'default': False,
              'description': None,
              'emoji': dict({
                'id': None,
                'name': '4️⃣',
              }),
              'label': 'Four points',
              'value': '4',
            }),
            dict({
              'default': False,
              'description': None,
              'emoji': dict({
                'id': None,
                'name': '5️⃣',
              }),
              'label': 'Five points',
              'value': '5',
            }),
            dict({
              'default': False,
              'description': None,
              'emoji': dict({
                'id': None,
                'name': '6️⃣',
              }),
              'label': 'Six points',
              'value': '6',
            }),
            dict({
              'default': False,
              'description': None,
              'emoji': dict({
                'id': None,
                'name': '7️⃣',
              }),
              'label': 'Seven points',
              'value': '7',
            }),
            dict({
              'default': False,
              'description': None,
              'emoji': dict({
                'id': None,
                'name': '8️⃣',
              }),
              'label': 'Eight points',
              'value': '8',
            }),
            dict({
              'default': False,
              'description': None,
              'emoji': dict({
                'id': None,
                'name': '9️⃣',
              }),
              'label': 'Nine points',
              'value': '9',
            }),
            dict({
              'default': False,
              'description': None,
              'emoji': dict({
                'id': None,
                'name': '🔟',
              }),
              'label': 'Ten points',
              'value': '10',
            }),
          ]),
          'placeholder': 'How many points do you have to report?',
          'type': <ComponentType.select: 3>,
        }),
      ),
      'type': <ComponentType.actionrow: 1>,
    }),
  ])
# ---
